// Vitest Snapshot v1, https://vitest.dev/guide/snapshot.html

exports[`renders a resume 1`] = `
"<!doctype html>
    <html lang="en" style="--color-background-light:lightgray; --color-background-dark:darkgray;">
      <head>
        <meta charset="utf-8" />
        
    <title>MC Fluff NStuff</title>
    <meta name="description" content="Cat ipsum dolor sit amet, be the most annoying cat that you can, and, knock everything off the table but commence midnight zoomies. Scratch at fleas, meow until belly rubs, hide behind curtain when vacuum cleaner is on scratch strangers and poo on owners food you call this cat food chirp at birds, decide to want nothing to do with my owner today yet gnaw the corn cob so chase the pig around the house." />
  
        <meta name="viewport" content="width=device-width, initial-scale=1" />
        <link rel="stylesheet" href="https://fonts.googleapis.com/css?family=Lato:400,700&display=swap" />
        <style>
          
        </style>
      </head>
      <body itemscope itemtype="https://schema.org/ProfilePage" part="jsonresume">
        
    <article part="resume" itemprop="mainEntity" itemscope itemtype="https://schema.org/Person">
      
    <header class="masthead" part="basics">
      <div>
        <h1 itemprop="name" part="name">MC Fluff NStuff</h1>
        <h2 itemprop="jobTitle" part="label">Very Professional Title</h2>
      </div>
      <img src="image.jpg" alt="MC Fluff NStuff's picture" itemprop="image" part="image" />
      <div itemprop="description" part="summary"><p>Cat ipsum dolor sit amet, be the most annoying cat that you can, and, knock everything off the table but commence midnight zoomies. Scratch at fleas, meow until belly rubs, hide behind curtain when vacuum cleaner is on scratch strangers and poo on owners food you call this cat food chirp at birds, decide to want nothing to do with my owner today yet gnaw the corn cob so chase the pig around the house.</p>
</div>
      <div>
        <address part="contact">
          <dl class="icon-list">
            
              <div class="location">
                <dt><span class="sr-only">location</span></dt>
                <dd>
      <div itemprop="address" itemscope itemtype="https://schema.org/PostalAddress">
        <span itemprop="addressRegion">NorthEast</span>
        <span itemprop="addressLocality">NYC</span>
        <span itemprop="addressCountry">US</span>
      </div>
    </dd>
              </div>
            
            
              <div class="email">
                <dt><span class="sr-only">email</span></dt>
                <dd itemprop="email"><a href="mailto:jsonresume@example.com">jsonresume@example.com</a></dd>
              </div>
            
            
              <div class="phone">
                <dt><span class="sr-only">phone</span></dt>
                <dd itemprop="telephone"><a href="tel:212-555-1212">212-555-1212</a></dd>
              </div>
            
            
              <div class="url">
                <dt><span class="sr-only">url</span></dt>
                <dd><a href="https://example.com" itemprop="url">example.com</a></dd>
              </div>
            
            
              <div class="pronouns" part="pronouns">
                <dt><span class="sr-only">pronouns</span></dt>
                <dd itemprop="gender">they/them</dd>
              </div>
            
          </dl>
        </address>
        
      <address part="profiles">
        <dl class="icon-list">
           <div itemprop="ContactPoint" itemscope itemtype="https://schema.org/ContactPoint">
              <dt  itemprop="contactType"><span class="sr-only">MySpace</span></dt>
              <dd data-network="MySpace"><a href="https://myspace.com/user12345678" itemprop="url"><span itemprop="identifier">user12345678</span></a></dd>
            </div> <div itemprop="ContactPoint" itemscope itemtype="https://schema.org/ContactPoint">
              <dt  itemprop="contactType"><span class="sr-only">friendster</span></dt>
              <dd data-network="friendster"><a href="https://friendster.com/meow_user_Af1544erxr" itemprop="url"><span itemprop="identifier">meow_user_Af1544erxr</span></a></dd>
            </div>
        </dl>
      </address>
    
      </div>
    </header>
  
      <section part="work">
        <h3 part="section-title">Work</h3>
        <div class="stack"><article itemprop="alumniOf" itemscope itemtype="https://schema.org/Organization">
    <header>
      
      <meta itemprop="location" content="" />
      
    </header>
    <section class="timeline" itemprop="employee" itemscope itemtype="https://schema.org/EmployeeRole">
      <h5 itemprop="roleName">Position or role</h5>
      <div class="meta">
        <p><time datetime="2020-03" itemprop="startDate">Mar 2020</time> – <time datetime="2024-03" itemprop="endDate">Mar 2024</time></p> 
      </div>
      <div itemprop="description"><p>Cat ipsum dolor sit amet, eat fish on floor. Inspect anything brought into the house scratch at fleas, meow until belly rubs, hide behind curtain when vacuum cleaner is on scratch strangers and poo on owners food so hiding behind the couch until lured out by a feathery toy. Pooping rainbow while flying in a toasted bread costume in space. Fall over dead (not really but gets sypathy) go crazy with excitement when plates are clanked together signalling the arrival of cat food and do doodoo in the litter-box, clickityclack on the piano, be frumpygrumpy, for stinky cat hiiiiiiiiii feed me now. Slap owner&#39;s face at 5am until human fills food dish paw at your fat belly yet missing until dinner time, or cat fur is the new black and hunt anything. </p>
</div>
      
        <ul>
          <li itemprop="disambiguatingDescription"><p>Highlight one</p>
</li><li itemprop="disambiguatingDescription"><p>Highlight two</p>
</li>
        </ul>
      
    </section>
  </article><article itemprop="alumniOf" itemscope itemtype="https://schema.org/Organization">
    <header>
      
      <meta itemprop="location" content="Georgia, USA" />
      <div class="meta" itemprop="description">An important business that does important busy stuff</div>
    </header>
    <section class="timeline" itemprop="employee" itemscope itemtype="https://schema.org/EmployeeRole">
      <h5 itemprop="roleName">The Role of Meow</h5>
      <div class="meta">
        <p><time datetime="2020-03" itemprop="startDate">Mar 2020</time> – <time datetime="2024-03" itemprop="endDate">Mar 2024</time></p> <p>Georgia, USA</p>
      </div>
      <div itemprop="description"><p>Inspect anything brought into the house scratch at fleas, meow until belly rubs, hide behind curtain when vacuum cleaner is on scratch strangers and poo on owners food so hiding behind the couch until lured out by a feathery toy. Pooping rainbow while flying in a toasted bread costume in space. Fall over dead (not really but gets sypathy) go crazy with excitement when plates are clanked together signalling the arrival of cat food and do doodoo in the litter-box, clickityclack on the piano, be frumpygrumpy, for stinky cat hiiiiiiiiii feed me now. Slap owner&#39;s face at 5am until human fills food dish paw at your fat belly yet missing until dinner time, or cat fur is the new black and hunt anything. </p>
</div>
      
        <ul>
          <li itemprop="disambiguatingDescription"><p>Highlight Meow</p>
</li><li itemprop="disambiguatingDescription"><p>Highlight Purr</p>
</li>
        </ul>
      
    </section>
  </article></div>
      </section>
    
      <section part="volunteer">
        <h3 part="section-title">Volunteer</h3>
        <div class="stack"><article itemprop="alumniOf" itemscope itemtype="https://schema.org/Organization">
    <header>
      <h4><span itemprop="name">Volunteer Organization</span></h4>
    </header>
    <section itemprop="employee" itemscope itemtype="https://schema.org/OrganizationRole">
      <h5 itemprop="roleName">Unpaid Position</h5>
      <p><time datetime="2024-01" itemprop="startDate">Jan 2024</time> – <time datetime="2024-04" itemprop="endDate">Apr 2024</time></p>
      <div itemprop="description"><p>Cat ipsum dolor sit amet, eat fish on floor. Cat not kitten around . Car rides are evil swat turds around the house poop on the floor, break a planter, sprint, eat own hair, vomit hair, hiss, chirp at birds, eat a squirrel, hide from fireworks, lick toe beans, attack christmas tree. Chase dog then run away allways wanting food. Fat baby cat best buddy little guy stare at the wall, play with food and get confused by dust for stare at imaginary bug. </p>
</div>
      
        <ul>
          <li itemprop="description"><p>Highlight abc</p>
</li><li itemprop="description"><p>Highlight xyz</p>
</li>
        </ul>
      
    </section>
  </article><article itemprop="alumniOf" itemscope itemtype="https://schema.org/Organization">
    <header>
      <h4><span itemprop="name">Meows for Wows</span></h4>
    </header>
    <section itemprop="employee" itemscope itemtype="https://schema.org/OrganizationRole">
      <h5 itemprop="roleName">The Fluff</h5>
      <p><time datetime="2024-01" itemprop="startDate">Jan 2024</time> – Present</p>
      <div itemprop="description"><p>Cat ipsum dolor sit amet, eat fish on floor. Cat not kitten around . Car rides are evil swat turds around the house poop on the floor, break a planter, sprint, eat own hair, vomit hair, hiss, chirp at birds, eat a squirrel, hide from fireworks, lick toe beans, attack christmas tree. Chase dog then run away allways wanting food. Fat baby cat best buddy little guy stare at the wall, play with food and get confused by dust for stare at imaginary bug. </p>
</div>
      
        <ul>
          <li itemprop="description"><p>Highlight 123</p>
</li><li itemprop="description"><p>Highlight 987</p>
</li>
        </ul>
      
    </section>
  </article></div>
      </section>
    
        <section part="education">
          <h3 part="section-title">Education</h3>
          <div class="stack"><article itemprop="alumniOf" itemscope itemtype="https://schema.org/EducationalOrganization">
    <h4><span itemprop="name">School of Things and Stuff</span></h4>
    <section itemprop="owns" itemscope itemtype="https://schema.org/EducationalOccupationalProgram">
      <h5 itemprop="occupationalCategory">Things</h5>
      <div itemprop="educationalProgramMode"><p>Masters</p>
</div>
      <p><time datetime="2016-08" itemprop="startDate">Aug 2016</time> – Present</p>
      
        <ul>
          <li itemprop="hasCourse" itemscope itemtype="https://schema.org/Course">
                <p itemprop="teaches">Course one</p>
                <meta itemprop="name" content="Course one
" />
                <meta itemprop="description" content="Course one
" />
              </li><li itemprop="hasCourse" itemscope itemtype="https://schema.org/Course">
                <p itemprop="teaches">Course two</p>
                <meta itemprop="name" content="Course two
" />
                <meta itemprop="description" content="Course two
" />
              </li>
        </ul>
      
    </section>
  </article></div>
        </section>
      
      <section part="awards">
        <h3 part="section-title">Awards</h3>
        <dl class="stack">
          
              <div itemprop="award">
                <dt>The Best at the Thing</dt>
                <dd class="meta">
                  <div>Awarded by <strong>The Award Warehouse</strong></div> <time datetime="2024-02" >Feb 2024</time>
                </dd>
                <dd><p>Cat ipsum dolor sit amet, be the most annoying cat that you can, and, knock everything off the table but commence midnight zoomies. Scratch at fleas, meow until belly rubs, hide behind curtain when vacuum cleaner is on scratch strangers and poo on owners food you call this cat food chirp at birds, decide to want nothing to do with my owner today yet gnaw the corn cob so chase the pig around the house.</p>
</dd>
              </div>
            
              <div itemprop="award">
                <dt>The Fluffiest Little Guy</dt>
                <dd class="meta">
                  <div>Awarded by <strong>The Consensus of the Whole Planet</strong></div> <time datetime="2024-05" >May 2024</time>
                </dd>
                <dd><p>Cat ipsum dolor sit amet, be the most annoying cat that you can, and, knock everything off the table but commence midnight zoomies. Scratch at fleas, meow until belly rubs, hide behind curtain when vacuum cleaner is on scratch strangers and poo on owners food you call this cat food chirp at birds, decide to want nothing to do with my owner today yet gnaw the corn cob so chase the pig around the house.</p>
</dd>
              </div>
            
        </dl>
      </section>
    
      <section part="certificates">
        <h3 part="section-title">Certificates</h3>
        <dl class="stack">
          
              <div itemprop="hasCertification" itemscope itemtype="https://schema.org/Certification">
                <dt><a href="https://example.com" itemprop="url"><span itemprop="name">Certified Kubernetes Administrator</span></a></dt>
                <dd class="meta" itemprop="issuedBy" itemscope itemtype="https://schema.org/Organization">
                  Issued by <strong itemprop="name">CNCF</strong>
                </dd>
                <dd class="meta"><time datetime="2020-06-06" itemprop="datePublished">Jun 2020</time></dd>
              </div>
            
              <div itemprop="hasCertification" itemscope itemtype="https://schema.org/Certification">
                <dt><a href="https://example.com" itemprop="url"><span itemprop="name">Certified Acrobatics Instructor with an emphasis on a long title</span></a></dt>
                <dd class="meta" itemprop="issuedBy" itemscope itemtype="https://schema.org/Organization">
                  Issued by <strong itemprop="name">International Acrobatics Association of Really Long-Named Organizations</strong>
                </dd>
                <dd class="meta"><time datetime="1998-12-31" itemprop="datePublished">Dec 1998</time></dd>
              </div>
            
        </dl>
      </section>
    
      <section part="publications">
        <h3 part="section-title">Publications</h3>
        <dl class="stack">
          
              <div itemprop="owns" itemscope itemtype="https://schema.org/CreativeWork">
                <dt><span itemprop="name">How I wrote fake content and used it in JSON Resume</span></dt>
                <dd class="meta" itemprop="publisher" itemscope itemtype="https://schema.org/Organization">
                  Published by <strong itemprop="name">The Fake Meow Times</strong>
                </dd>
                <dd class="meta" itemprop="dateCreated"><time datetime="2024-05" >May 2024</time></dd>
                <dd itemprop="abstract"><p>Cat ipsum dolor sit amet, eat fish on floor. Inspect anything brought into the house scratch at fleas, meow until belly rubs, hide behind curtain when vacuum cleaner is on scratch strangers and poo on owners food so hiding behind the couch until lured out by a feathery toy.</p>
</dd>
              </div>
            
              <div itemprop="owns" itemscope itemtype="https://schema.org/CreativeWork">
                <dt><span itemprop="name">Open sourcin for fun and no profit</span></dt>
                <dd class="meta" itemprop="publisher" itemscope itemtype="https://schema.org/Organization">
                  Published by <strong itemprop="name">The Daily Furtonian</strong>
                </dd>
                <dd class="meta" itemprop="dateCreated"><time datetime="2020-05" >May 2020</time></dd>
                <dd itemprop="abstract"><p>Cat ipsum dolor sit amet, be the most annoying cat that you can, and, knock everything off the table but commence midnight zoomies. Scratch at fleas, meow until belly rubs, hide behind curtain when vacuum cleaner is on scratch strangers and poo on owners food you call this cat food chirp at birds, decide to want nothing to do with my owner today yet gnaw the corn cob so chase the pig around the house.</p>
</dd>
              </div>
            
        </dl>
      </section>
    
      <section part="skills">
        <h3 part="section-title">Skills</h3>
        <dl class="title-list">
           <div class="tag-list" itemprop="knowsAbout" itemscope itemtype="https://schema.org/Thing">
              <dt><span itemprop="description">Skill One</span></dt>
              <dd itemprop="name">Things</dd><dd itemprop="name">Stuff</dd><dd itemprop="name">Activities</dd>
            </div> <div class="tag-list" itemprop="knowsAbout" itemscope itemtype="https://schema.org/Thing">
              <dt><span itemprop="description">Skill Two</span></dt>
              <dd itemprop="name">Meow</dd><dd itemprop="name">Plow</dd><dd itemprop="name">Pazow</dd><dd itemprop="name">Cacao</dd>
            </div>
        </dl>
      </section>
    
      <section part="languages">
        <h3 part="section-title">Languages</h3>
        <dl class="title-list">
          
              <div itemprop="knowsLanguage" itemscope itemtype="https://schema.org/Language">
                <dt itemprop="name">English</dt>
                <dd itemprop="description">Native</dd>
              </div>
            
              <div itemprop="knowsLanguage" itemscope itemtype="https://schema.org/Language">
                <dt itemprop="name">Gibberish</dt>
                <dd itemprop="description">[inaudible mumbling]</dd>
              </div>
            
              <div itemprop="knowsLanguage" itemscope itemtype="https://schema.org/Language">
                <dt itemprop="name">Cat</dt>
                <dd itemprop="description">tolerated</dd>
              </div>
            
        </dl>
      </section>
    
      <section part="interests">
        <h3 part="section-title">Interests</h3>
        <dl class="title-list">
          
              <div class="tag-list" itemprop="knowsAbout" itemscope itemtype="https://schema.org/Thing">
                <dt><span itemprop="name">I like things</span></dt>
                <dd itemprop="alternateName">Like stuff</dd><dd itemprop="alternateName">Like things</dd>
              </div>
            
              <div class="tag-list" itemprop="knowsAbout" itemscope itemtype="https://schema.org/Thing">
                <dt><span itemprop="name">Sun Pool</span></dt>
                <dd itemprop="alternateName">Hot Sleepin</dd><dd itemprop="alternateName">Sauna times</dd>
              </div>
            
        </dl>
      </section>
    
      <section part="references">
        <h3 part="section-title">References</h3>
        <div class="stack">
          
              <blockquote itemprop="subjectOf" itemscope itemtype="https://schema.org/Statement">
                <div itemprop="text"><p>Fall over dead (not really but gets sypathy) go crazy with excitement when plates are clanked together signalling the arrival of cat food and do doodoo in the litter-box, clickityclack on the piano, be frumpygrumpy, for stinky cat hiiiiiiiiii feed me now. </p>
</div>
                
                  <p itemprop="author" itemscope itemtype="https://schema.org/Person">
                    <cite itemprop="name">John Doe</cite>
                  </p>
                
              </blockquote>
            
              <blockquote itemprop="subjectOf" itemscope itemtype="https://schema.org/Statement">
                <div itemprop="text"><p>I show my fluffy belly but it&#39;s a trap! if you pet it i will tear up your hand throwup on your pillow. Stare at ceiling yowling nonstop the whole night i shredded your linens for you i cry and cry and cry unless you pet me, and then maybe i cry just for fun. Cat not kitten around .</p>
</div>
                
                  <p itemprop="author" itemscope itemtype="https://schema.org/Person">
                    <cite itemprop="name">Jane Doe</cite>
                  </p>
                
              </blockquote>
            
        </div>
      </section>
    
      <section part="projects">
        <h3 part="section-title">Projects</h3>
        <div class="stack"><article itemprop="alumniOf" itemscope itemtype="https://schema.org/Project">
    <header>
      <h4><span itemprop="name">Project ABC</span></h4>
      <p itemprop="parentOrganization" itemscope itemtype="https://schema.org/Organization">
        <span itemprop="name">Entity ABC</span>
      </p>
      <p itemprop="additionalType">Open Source</p>
      <div class="meta" itemprop="description"><p>The project is Car rides are evil swat turds around the house poop on the floor, break a planter, sprint, eat own hair, vomit hair, hiss, chirp at birds, eat a squirrel, hide from fireworks, lick toe beans, attack christmas tree. Chase dog then run away allways wanting food. Fat baby cat best buddy little guy stare at the wall, play with food and get confused by dust for stare at imaginary bug. </p>
</div>
      <div class="meta">
        <ul itemprop="keywords" class="tag-list">
          <li>Keyword-a</li><li>Keyword-b</li>
        </ul>
      </div> 
    </header>
    
      <section itemprop="alumni" itemscope itemtype="https://schema.org/Role">
        <h5 itemprop="roleName">Breathing and Being</h5>
        <p><time datetime="2024-01" itemprop="startDate">Jan 2024</time> – <time datetime="2024-05" itemprop="endDate">May 2024</time></p>
        
          <ul>
            <li itemprop="description"><p>Thing that happened one</p>
</li><li itemprop="description"><p>Highlighted thing two</p>
</li>
          </ul>
        
      </section>
    
  </article><article itemprop="alumniOf" itemscope itemtype="https://schema.org/Project">
    <header>
      <h4><a href="https://github.com/scottnath/jsonresume-theme-microdata" itemprop="url"><span itemprop="name">jsonresume-theme-microdata</span></a></h4>
      
      <p itemprop="additionalType">open source</p>
      <div class="meta" itemprop="description"><p>A flat JSON Resume theme with schema.org microdata, compatible with the latest resume schema</p>
</div>
      <div class="meta">
        <ul itemprop="keywords" class="tag-list">
          <li>jsonresume</li><li>microdata</li>
        </ul>
      </div> 
    </header>
    
      <section itemprop="alumni" itemscope itemtype="https://schema.org/Role">
        <h5 itemprop="roleName">Architect and Developer</h5>
        <p><time datetime="2024-04-01" itemprop="startDate">Apr 2024</time> – Present</p>
        
      </section>
    
  </article></div>
      </section>
    
      <footer part="meta" itemprop="owns" itemscope itemtype="https://schema.org/TextDigitalDocument">
         <p><a href="https://gist.githubusercontent.com/scottnath/9e7a7ceb9425336c6aa08d58afb63b8d/raw" itemprop="sameAs"><span >canonical resume.json file</span></a></p> 
         <p>version <span itemprop="version">0.1.0</span></p> 
        
      </footer>
    
    </article>
  
      </body>
    </html>"
`;
